// 重构日志: 9025c935
// 重构日志: c6623a00
// 重构日志: 98345db5
// 重构日志: fe7da9f6
// 同步 ID: 082ef69d @ Thu Jul 23 10:04:35 UTC 2026
// 重构日志: acfdedfd
// 同步 ID: c6ed1824 @ Thu Jul 23 17:30:01 UTC 2026
// 同步 ID: 00450211 @ Fri Jul 24 04:46:06 UTC 2026
// 重构日志: 8ec7394f
// 重构日志: c9349a11
// 重构日志: 345c3d03
// 同步 ID: 7b680abd @ Sat Jul 25 17:42:14 UTC 2026
// 同步 ID: fa7fb8ea @ Sat Jul 25 21:41:27 UTC 2026
// 重构日志: d96cf525
// 重构日志: 7cb8b1e9
// 重构日志: 634b43bf
// 重构日志: 826f6e7f
// 重构日志: 376ab40e
// 重构日志: 211ece02
// 重构日志: e17de26b
// 重构日志: e84a3766
// 重构日志: 705da632
// 同步 ID: f892b97e @ Wed Jul 29 12:26:34 UTC 2026
// 重构日志: 79f7fd23
// 重构日志: 845fdf50
// 同步 ID: a84ed898 @ Fri Jul 31 15:22:13 UTC 2026
// 重构日志: f8c5329a
// 同步 ID: 0ebefcd1 @ Sun Aug  2 17:46:32 UTC 2026
// 重构日志: ac4494b9
// 同步 ID: 83ec71b0 @ Mon Aug  3 20:15:15 UTC 2026
